[rechner.p-konto.de/index.html]
[backblue.gif]
[fade.gif]
[index.html]
[rechner.p-konto.de/css/default.min.css]
[rechner.p-konto.de/js/head.min.js]
[static.zdassets.com/ekr/snippet19a2.js]
[rechner.p-konto.de/images/logo_web.png]
[rechner.p-konto.de/images/postulka.png]
[rechner.p-konto.de/js/frontend.min.js]
[www.google-analytics.com/analytics.js]
[www.googleadservices.com/pagead/f.txt]
[rechner.p-konto.de/index.html]
[rechner.p-konto.de/fonts/foundation-icons.eot]
[rechner.p-konto.de/fonts/foundation-iconsd41d.eot]
[rechner.p-konto.de/fonts/foundation-icons.woff]
[s3-eu-west-1.amazonaws.com/assets.cookieconsent.silktide.com/cookie-consent-logo.png]
[rechner.p-konto.de/fonts/fontawesome-webfont78ce.eot]
[rechner.p-konto.de/fonts/fontawesome-webfontd41d.eot]
[rechner.p-konto.de/fonts/fontawesome-webfont78ce.woff]
[rechner.p-konto.de/css/default.min.css]
[rechner.p-konto.de/fonts/foundation-icons.html]
[rechner.p-konto.de/fonts/foundation-icons.svg]
[rechner.p-konto.de/fonts/fontawesome-webfont78ce.html]
[rechner.p-konto.de/fonts/fontawesome-webfont78ce.svg]
